=== WRITE MODE ===

Effective from 2026-04-05 (DEFAULT_CONFIG.lastUpdated).
NOTE: the file header says "Confirmed May 2026", which disagrees. Flagged, not resolved.

Wrote 29 wholesale and 29 RRP rows.

In pricing-data.ts but no SKU in the database (6):
   espresso-martini-700 (Espresso Martini 700ml)
   margarita-700 (Margarita 700ml)
   negroni-700 (Negroni 700ml)
   rum-old-fashioned-700 (Rum Old Fashioned 700ml)
   vesper-700 (Vesper 700ml)
   martini-flight (Martini Flight set)

SKUs in the database with no price row (7):
   espresso-martini-700-cripps
   negroni-700-cripps
   robin-roy-350-fm
   espresso-daiquiri-350-fm
   vesper-martini-350-fm
   apples-and-pears-350-fm
   christmas-gingertini-350-fm

Pricing config into system_settings:
   pricing_markup                   1.4
   pricing_retailer_margin          1.3
   pricing_vat                      1.2
   pricing_list_effective_from      2026-04-05

WRITTEN.
